PORTNAME=	sndio
PORTVERSION=	1.5.0
PORTEPOCH=	1
CATEGORIES=	audio
MASTER_SITES=	http://www.sndio.org/
