RUN_DEPENDS=	${PYTHON_PKGNAMEPREFIX}dateutil>=2.1:devel/py-dateutil@${PY_FLAVOR} # <3.0.0
RUN_DEPENDS+=	${PYTHON_PKGNAMEPREFIX}jmespath>=0.7.1:devel/py-jmespath@${PY_FLAVOR} # <1.0.0
RUN_DEPENDS+=	${PYTHON_PKGNAMEPREFIX}urllib3>=1.20:net/py-urllib3@${PY_FLAVOR} # <1.25
RUN_DEPENDS+=	${PYTHON_PKGNAMEPREFIX}docutils>=0.10:textproc/py-docutils@${PY_FLAVOR}
